{"timestamp": "2026-06-18T16:20:32.133397", "level": "INFO", "message": "Syncing disk files to archive...", "module": "persistence", "funcName": "migrate_fresh_files_to_archive", "lineNo": 154}
{"timestamp": "2026-06-18T16:20:33.364394", "level": "INFO", "message": "Hardware optimization level: [bold blue]AVX2[/] (Intel(R) Xeon(R) Processor @ 2.30GHz)", "module": "bot", "funcName": "main", "lineNo": 883}
{"timestamp": "2026-06-18T16:20:33.377212", "level": "INFO", "message": "Mock initialized with real binance (spot) balance discovery (deferred)", "module": "exchange_handler", "funcName": "__init__", "lineNo": 470}
{"timestamp": "2026-06-18T16:20:33.379072", "level": "ERROR", "message": "Error fetching balance: binance - to use SOCKS proxy with ccxt, you might need \"pysocks\" module that can be installed by \"pip install pysocks\"", "module": "exchange_handler", "funcName": "fetch_balance", "lineNo": 133}
{"timestamp": "2026-06-18T16:20:33.379198", "level": "ERROR", "message": "Failed to sync virtual balance from real API: 'NoneType' object has no attribute 'get'", "module": "exchange_handler", "funcName": "_init_balance", "lineNo": 485}
{"timestamp": "2026-06-18T16:20:33.380361", "level": "INFO", "message": "Websockets enabled for binance (spot).", "module": "bot", "funcName": "main", "lineNo": 944}
{"timestamp": "2026-06-18T16:20:34.196501", "level": "INFO", "message": "Initializing Simulation positions from real wallet inventory...", "module": "trading_engine", "funcName": "initialize_simulation", "lineNo": 256}
{"timestamp": "2026-06-18T16:20:34.196637", "level": "INFO", "message": "No non-base sellable assets found, but base currency balance is available.", "module": "trading_engine", "funcName": "initialize_simulation", "lineNo": 319}
{"timestamp": "2026-06-18T16:20:34.200483", "level": "ERROR", "message": "Error fetching OHLCV for EUR/USDC: binance - to use SOCKS proxy with ccxt, you might need \"pysocks\" module that can be installed by \"pip install pysocks\"", "module": "exchange_handler", "funcName": "fetch_ohlcv", "lineNo": 125}
{"timestamp": "2026-06-18T16:20:34.202825", "level": "INFO", "message": "Pre-warming OHLCV cache for all symbols...", "module": "bot", "funcName": "trading_thread_func", "lineNo": 640}
{"timestamp": "2026-06-18T16:20:34.378933", "level": "ERROR", "message": "Error fetching OHLCV for ATOM/USDC: binance - to use SOCKS proxy with ccxt, you might need \"pysocks\" module that can be installed by \"pip install pysocks\"", "module": "exchange_handler", "funcName": "fetch_ohlcv", "lineNo": 125}
{"timestamp": "2026-06-18T16:20:34.429318", "level": "ERROR", "message": "Error fetching OHLCV for RENDER/USDC: binance - to use SOCKS proxy with ccxt, you might need \"pysocks\" module that can be installed by \"pip install pysocks\"", "module": "exchange_handler", "funcName": "fetch_ohlcv", "lineNo": 125}
{"timestamp": "2026-06-18T16:20:34.430567", "level": "ERROR", "message": "Error fetching OHLCV for LINK/USDC: binance - to use SOCKS proxy with ccxt, you might need \"pysocks\" module that can be installed by \"pip install pysocks\"", "module": "exchange_handler", "funcName": "fetch_ohlcv", "lineNo": 125}
{"timestamp": "2026-06-18T16:20:34.432281", "level": "ERROR", "message": "Error fetching OHLCV for SOL/USDC: binance - to use SOCKS proxy with ccxt, you might need \"pysocks\" module that can be installed by \"pip install pysocks\"", "module": "exchange_handler", "funcName": "fetch_ohlcv", "lineNo": 125}
{"timestamp": "2026-06-18T16:20:34.433404", "level": "ERROR", "message": "Error fetching OHLCV for TRX/USDC: binance - to use SOCKS proxy with ccxt, you might need \"pysocks\" module that can be installed by \"pip install pysocks\"", "module": "exchange_handler", "funcName": "fetch_ohlcv", "lineNo": 125}
{"timestamp": "2026-06-18T16:20:34.434599", "level": "ERROR", "message": "Error fetching OHLCV for DOGE/USDC: binance - to use SOCKS proxy with ccxt, you might need \"pysocks\" module that can be installed by \"pip install pysocks\"", "module": "exchange_handler", "funcName": "fetch_ohlcv", "lineNo": 125}
{"timestamp": "2026-06-18T16:20:34.435577", "level": "ERROR", "message": "Error fetching OHLCV for DOT/USDC: binance - to use SOCKS proxy with ccxt, you might need \"pysocks\" module that can be installed by \"pip install pysocks\"", "module": "exchange_handler", "funcName": "fetch_ohlcv", "lineNo": 125}
{"timestamp": "2026-06-18T16:20:34.437216", "level": "ERROR", "message": "Error fetching OHLCV for YGG/USDC: binance - to use SOCKS proxy with ccxt, you might need \"pysocks\" module that can be installed by \"pip install pysocks\"", "module": "exchange_handler", "funcName": "fetch_ohlcv", "lineNo": 125}
{"timestamp": "2026-06-18T16:20:34.438251", "level": "ERROR", "message": "Error fetching OHLCV for XLM/USDC: binance - to use SOCKS proxy with ccxt, you might need \"pysocks\" module that can be installed by \"pip install pysocks\"", "module": "exchange_handler", "funcName": "fetch_ohlcv", "lineNo": 125}
{"timestamp": "2026-06-18T16:20:34.439368", "level": "ERROR", "message": "Error fetching OHLCV for PEPE/USDC: binance - to use SOCKS proxy with ccxt, you might need \"pysocks\" module that can be installed by \"pip install pysocks\"", "module": "exchange_handler", "funcName": "fetch_ohlcv", "lineNo": 125}
{"timestamp": "2026-06-18T16:20:34.440420", "level": "ERROR", "message": "Error fetching OHLCV for APE/USDC: binance - to use SOCKS proxy with ccxt, you might need \"pysocks\" module that can be installed by \"pip install pysocks\"", "module": "exchange_handler", "funcName": "fetch_ohlcv", "lineNo": 125}
{"timestamp": "2026-06-18T16:20:34.441827", "level": "ERROR", "message": "Error fetching OHLCV for MEME/USDC: binance - to use SOCKS proxy with ccxt, you might need \"pysocks\" module that can be installed by \"pip install pysocks\"", "module": "exchange_handler", "funcName": "fetch_ohlcv", "lineNo": 125}
{"timestamp": "2026-06-18T16:20:34.443097", "level": "ERROR", "message": "Error fetching OHLCV for LTC/USDC: binance - to use SOCKS proxy with ccxt, you might need \"pysocks\" module that can be installed by \"pip install pysocks\"", "module": "exchange_handler", "funcName": "fetch_ohlcv", "lineNo": 125}
{"timestamp": "2026-06-18T16:20:34.444833", "level": "ERROR", "message": "Error fetching OHLCV for SHIB/USDC: binance - to use SOCKS proxy with ccxt, you might need \"pysocks\" module that can be installed by \"pip install pysocks\"", "module": "exchange_handler", "funcName": "fetch_ohlcv", "lineNo": 125}
{"timestamp": "2026-06-18T16:20:34.445756", "level": "ERROR", "message": "Error fetching OHLCV for ETH/USDC: binance - to use SOCKS proxy with ccxt, you might need \"pysocks\" module that can be installed by \"pip install pysocks\"", "module": "exchange_handler", "funcName": "fetch_ohlcv", "lineNo": 125}
{"timestamp": "2026-06-18T16:20:34.446885", "level": "ERROR", "message": "Error fetching OHLCV for XRP/USDC: binance - to use SOCKS proxy with ccxt, you might need \"pysocks\" module that can be installed by \"pip install pysocks\"", "module": "exchange_handler", "funcName": "fetch_ohlcv", "lineNo": 125}
{"timestamp": "2026-06-18T16:20:34.447897", "level": "ERROR", "message": "Error fetching OHLCV for ZRO/USDC: binance - to use SOCKS proxy with ccxt, you might need \"pysocks\" module that can be installed by \"pip install pysocks\"", "module": "exchange_handler", "funcName": "fetch_ohlcv", "lineNo": 125}
{"timestamp": "2026-06-18T16:20:34.448742", "level": "ERROR", "message": "Error fetching OHLCV for EIGEN/USDC: binance - to use SOCKS proxy with ccxt, you might need \"pysocks\" module that can be installed by \"pip install pysocks\"", "module": "exchange_handler", "funcName": "fetch_ohlcv", "lineNo": 125}
{"timestamp": "2026-06-18T16:20:34.449695", "level": "ERROR", "message": "Error fetching OHLCV for WLD/USDC: binance - to use SOCKS proxy with ccxt, you might need \"pysocks\" module that can be installed by \"pip install pysocks\"", "module": "exchange_handler", "funcName": "fetch_ohlcv", "lineNo": 125}
{"timestamp": "2026-06-18T16:20:34.450816", "level": "ERROR", "message": "Error fetching OHLCV for ALT/USDC: binance - to use SOCKS proxy with ccxt, you might need \"pysocks\" module that can be installed by \"pip install pysocks\"", "module": "exchange_handler", "funcName": "fetch_ohlcv", "lineNo": 125}
{"timestamp": "2026-06-18T16:20:34.451915", "level": "ERROR", "message": "Error fetching OHLCV for ICP/USDC: binance - to use SOCKS proxy with ccxt, you might need \"pysocks\" module that can be installed by \"pip install pysocks\"", "module": "exchange_handler", "funcName": "fetch_ohlcv", "lineNo": 125}
{"timestamp": "2026-06-18T16:20:34.478927", "level": "ERROR", "message": "Error fetching OHLCV for COOKIE/USDC: binance - to use SOCKS proxy with ccxt, you might need \"pysocks\" module that can be installed by \"pip install pysocks\"", "module": "exchange_handler", "funcName": "fetch_ohlcv", "lineNo": 125}
{"timestamp": "2026-06-18T16:20:34.486431", "level": "ERROR", "message": "Error fetching OHLCV for S/USDC: binance - to use SOCKS proxy with ccxt, you might need \"pysocks\" module that can be installed by \"pip install pysocks\"", "module": "exchange_handler", "funcName": "fetch_ohlcv", "lineNo": 125}
{"timestamp": "2026-06-18T16:20:34.491028", "level": "ERROR", "message": "Error fetching OHLCV for ANIME/USDC: binance - to use SOCKS proxy with ccxt, you might need \"pysocks\" module that can be installed by \"pip install pysocks\"", "module": "exchange_handler", "funcName": "fetch_ohlcv", "lineNo": 125}