Hardware optimization level detected: AVX
GPU Acceleration enabled using device: cpu
[ADA/USDC] Optimal timeframe: 30m (Score: -3, Reasons: Low Vol, Wide Spread,
Inactive)
[ALT/USDC] Optimal timeframe: 30m (Score: -3, Reasons: Low Vol, Wide Spread,
Inactive)
[APE/USDC] Optimal timeframe: 30m (Score: -3, Reasons: Low Vol, Wide Spread,
Inactive)
[APT/USDC] Optimal timeframe: 30m (Score: -3, Reasons: Low Vol, Wide Spread,
Inactive)
[ATOM/USDC] Optimal timeframe: 30m (Score: -3, Reasons: Low Vol, Wide Spread,
Inactive)
[BANANA/USDC] Optimal timeframe: 30m (Score: -3, Reasons: Low Vol, Wide Spread,
Inactive)
[BCH/USDC] Optimal timeframe: 30m (Score: -3, Reasons: Low Vol, Wide Spread,
Inactive)
[BTC/USDC] Optimal timeframe: 30m (Score: -3, Reasons: Low Vol, Wide Spread,
Inactive)
[CAKE/USDC] Optimal timeframe: 30m (Score: -3, Reasons: Low Vol, Wide Spread,
Inactive)
[CHIP/USDC] Optimal timeframe: 30m (Score: -3, Reasons: Low Vol, Wide Spread,
Inactive)
[COMP/USDC] Optimal timeframe: 30m (Score: -3, Reasons: Low Vol, Wide Spread,
Inactive)
